---
source: tests/e2e_tests.rs
assertion_line: 28
expression: output_content
---
tests/fixtures/two_files_in_directory/first.md:
```
# First file
```

tests/fixtures/two_files_in_directory/second.md:
```
# Second file
```


